// Jest Snapshot v1, https://goo.gl/fbAQLP

exports[`Button should be rendered correctly. 1`] = `
<div>
  <div>
    <button
      class="draw-button"
      disabled=""
      type="button"
    >
      Select more fruits!
    </button>
  </div>
</div>
`;
