// Jest Snapshot v1, https://goo.gl/fbAQLP

exports[`Header should be rendered correctly. 1`] = `
Object {
  "asFragment": [Function],
  "baseElement": <body>
    <div>
      <div
        class="header"
      >
        <div
          class="container"
        >
          <div
            class="header-container"
          >
            <img
              alt="Fruity Logo"
              class="header__logo"
              src="logo512-outlined.png"
            />
            <h1
              class="header__title"
            >
              Fruity
            </h1>
          </div>
          <div>
            <h2
              class="header__subtitle"
            >
              Are you a fruit lover? Have you ever been unable to decide what kind of fruit you would like to eat? Don't worry about that anymore! Just click the button below!
            </h2>
          </div>
        </div>
      </div>
    </div>
  </body>,
  "container": <div>
    <div
      class="header"
    >
      <div
        class="container"
      >
        <div
          class="header-container"
        >
          <img
            alt="Fruity Logo"
            class="header__logo"
            src="logo512-outlined.png"
          />
          <h1
            class="header__title"
          >
            Fruity
          </h1>
        </div>
        <div>
          <h2
            class="header__subtitle"
          >
            Are you a fruit lover? Have you ever been unable to decide what kind of fruit you would like to eat? Don't worry about that anymore! Just click the button below!
          </h2>
        </div>
      </div>
    </div>
  </div>,
  "debug": [Function],
  "findAllByAltText": [Function],
  "findAllByDisplayValue": [Function],
  "findAllByLabelText": [Function],
  "findAllByPlaceholderText": [Function],
  "findAllByRole": [Function],
  "findAllByTestId": [Function],
  "findAllByText": [Function],
  "findAllByTitle": [Function],
  "findByAltText": [Function],
  "findByDisplayValue": [Function],
  "findByLabelText": [Function],
  "findByPlaceholderText": [Function],
  "findByRole": [Function],
  "findByTestId": [Function],
  "findByText": [Function],
  "findByTitle": [Function],
  "getAllByAltText": [Function],
  "getAllByDisplayValue": [Function],
  "getAllByLabelText": [Function],
  "getAllByPlaceholderText": [Function],
  "getAllByRole": [Function],
  "getAllByTestId": [Function],
  "getAllByText": [Function],
  "getAllByTitle": [Function],
  "getByAltText": [Function],
  "getByDisplayValue": [Function],
  "getByLabelText": [Function],
  "getByPlaceholderText": [Function],
  "getByRole": [Function],
  "getByTestId": [Function],
  "getByText": [Function],
  "getByTitle": [Function],
  "queryAllByAltText": [Function],
  "queryAllByDisplayValue": [Function],
  "queryAllByLabelText": [Function],
  "queryAllByPlaceholderText": [Function],
  "queryAllByRole": [Function],
  "queryAllByTestId": [Function],
  "queryAllByText": [Function],
  "queryAllByTitle": [Function],
  "queryByAltText": [Function],
  "queryByDisplayValue": [Function],
  "queryByLabelText": [Function],
  "queryByPlaceholderText": [Function],
  "queryByRole": [Function],
  "queryByTestId": [Function],
  "queryByText": [Function],
  "queryByTitle": [Function],
  "rerender": [Function],
  "unmount": [Function],
}
`;
