// Jest Snapshot v1, https://goo.gl/fbAQLP

exports[`Widget should be rendered correctly. 1`] = `
Object {
  "asFragment": [Function],
  "baseElement": <body>
    <div>
      <div
        class="widget"
      >
        <div
          class="widget-header"
        >
          <h2>
            Fruits to select:
          </h2>
        </div>
        <div
          class="widget-container"
        >
          <div
            class="item"
          >
            <img
              alt="Apple"
              class="item__image"
              id="bbb33b2d-e07d-4d13-a869-f3790e100477"
              src="apple-color.png"
            />
            <p
              class="item__title"
            >
              Apple
            </p>
          </div>
          <div
            class="item"
          >
            <img
              alt="Banana"
              class="item__image"
              id="bbb33b2d-e07d-4d13-a869-f3790e100477"
              src="banana-color.png"
            />
            <p
              class="item__title"
            >
              Banana
            </p>
          </div>
          <div
            class="item"
          >
            <img
              alt="Blackberry"
              class="item__image"
              id="bbb33b2d-e07d-4d13-a869-f3790e100477"
              src="blackberry-color.png"
            />
            <p
              class="item__title"
            >
              Blackberry
            </p>
          </div>
          <div
            class="item"
          >
            <img
              alt="Blueberries"
              class="item__image"
              id="bbb33b2d-e07d-4d13-a869-f3790e100477"
              src="blueberries-color.png"
            />
            <p
              class="item__title"
            >
              Blueberries
            </p>
          </div>
          <div
            class="item"
          >
            <img
              alt="Cherries"
              class="item__image"
              id="bbb33b2d-e07d-4d13-a869-f3790e100477"
              src="cherries-color.png"
            />
            <p
              class="item__title"
            >
              Cherries
            </p>
          </div>
          <div
            class="item"
          >
            <img
              alt="Coconut"
              class="item__image"
              id="bbb33b2d-e07d-4d13-a869-f3790e100477"
              src="coconut-color.png"
            />
            <p
              class="item__title"
            >
              Coconut
            </p>
          </div>
          <div
            class="item"
          >
            <img
              alt="Dragon Fruit"
              class="item__image"
              id="bbb33b2d-e07d-4d13-a869-f3790e100477"
              src="dragon-fruit-color.png"
            />
            <p
              class="item__title"
            >
              Dragon Fruit
            </p>
          </div>
          <div
            class="item"
          >
            <img
              alt="Fig"
              class="item__image"
              id="bbb33b2d-e07d-4d13-a869-f3790e100477"
              src="fig-color.png"
            />
            <p
              class="item__title"
            >
              Fig
            </p>
          </div>
          <div
            class="item"
          >
            <img
              alt="Grapes"
              class="item__image"
              id="bbb33b2d-e07d-4d13-a869-f3790e100477"
              src="grapes-color.png"
            />
            <p
              class="item__title"
            >
              Grapes
            </p>
          </div>
          <div
            class="item"
          >
            <img
              alt="Kiwi"
              class="item__image"
              id="bbb33b2d-e07d-4d13-a869-f3790e100477"
              src="kiwi-color.png"
            />
            <p
              class="item__title"
            >
              Kiwi
            </p>
          </div>
          <div
            class="item"
          >
            <img
              alt="Lemon"
              class="item__image"
              id="bbb33b2d-e07d-4d13-a869-f3790e100477"
              src="lemon-color.png"
            />
            <p
              class="item__title"
            >
              Lemon
            </p>
          </div>
          <div
            class="item"
          >
            <img
              alt="Lychee"
              class="item__image"
              id="bbb33b2d-e07d-4d13-a869-f3790e100477"
              src="lychee-color.png"
            />
            <p
              class="item__title"
            >
              Lychee
            </p>
          </div>
          <div
            class="item"
          >
            <img
              alt="Mango"
              class="item__image"
              id="bbb33b2d-e07d-4d13-a869-f3790e100477"
              src="mango-color.png"
            />
            <p
              class="item__title"
            >
              Mango
            </p>
          </div>
          <div
            class="item"
          >
            <img
              alt="Melon"
              class="item__image"
              id="bbb33b2d-e07d-4d13-a869-f3790e100477"
              src="melon-color.png"
            />
            <p
              class="item__title"
            >
              Melon
            </p>
          </div>
          <div
            class="item"
          >
            <img
              alt="Orange"
              class="item__image"
              id="bbb33b2d-e07d-4d13-a869-f3790e100477"
              src="orange-color.png"
            />
            <p
              class="item__title"
            >
              Orange
            </p>
          </div>
          <div
            class="item"
          >
            <img
              alt="Papaya"
              class="item__image"
              id="bbb33b2d-e07d-4d13-a869-f3790e100477"
              src="papaya-color.png"
            />
            <p
              class="item__title"
            >
              Papaya
            </p>
          </div>
          <div
            class="item"
          >
            <img
              alt="Peach"
              class="item__image"
              id="bbb33b2d-e07d-4d13-a869-f3790e100477"
              src="peach-color.png"
            />
            <p
              class="item__title"
            >
              Peach
            </p>
          </div>
          <div
            class="item"
          >
            <img
              alt="Pear"
              class="item__image"
              id="bbb33b2d-e07d-4d13-a869-f3790e100477"
              src="pear-color.png"
            />
            <p
              class="item__title"
            >
              Pear
            </p>
          </div>
          <div
            class="item"
          >
            <img
              alt="Pineapple"
              class="item__image"
              id="bbb33b2d-e07d-4d13-a869-f3790e100477"
              src="pineapple-color.png"
            />
            <p
              class="item__title"
            >
              Pineapple
            </p>
          </div>
          <div
            class="item"
          >
            <img
              alt="Plum"
              class="item__image"
              id="bbb33b2d-e07d-4d13-a869-f3790e100477"
              src="plum-color.png"
            />
            <p
              class="item__title"
            >
              Plum
            </p>
          </div>
          <div
            class="item"
          >
            <img
              alt="Pomegranate"
              class="item__image"
              id="bbb33b2d-e07d-4d13-a869-f3790e100477"
              src="pomegranate-color.png"
            />
            <p
              class="item__title"
            >
              Pomegranate
            </p>
          </div>
          <div
            class="item"
          >
            <img
              alt="Star Fruit"
              class="item__image"
              id="bbb33b2d-e07d-4d13-a869-f3790e100477"
              src="star-fruit-color.png"
            />
            <p
              class="item__title"
            >
              Star Fruit
            </p>
          </div>
          <div
            class="item"
          >
            <img
              alt="Strawberry"
              class="item__image"
              id="bbb33b2d-e07d-4d13-a869-f3790e100477"
              src="strawberry-color.png"
            />
            <p
              class="item__title"
            >
              Strawberry
            </p>
          </div>
          <div
            class="item"
          >
            <img
              alt="Watermelon"
              class="item__image"
              id="bbb33b2d-e07d-4d13-a869-f3790e100477"
              src="watermelon-color.png"
            />
            <p
              class="item__title"
            >
              Watermelon
            </p>
          </div>
        </div>
      </div>
    </div>
  </body>,
  "container": <div>
    <div
      class="widget"
    >
      <div
        class="widget-header"
      >
        <h2>
          Fruits to select:
        </h2>
      </div>
      <div
        class="widget-container"
      >
        <div
          class="item"
        >
          <img
            alt="Apple"
            class="item__image"
            id="bbb33b2d-e07d-4d13-a869-f3790e100477"
            src="apple-color.png"
          />
          <p
            class="item__title"
          >
            Apple
          </p>
        </div>
        <div
          class="item"
        >
          <img
            alt="Banana"
            class="item__image"
            id="bbb33b2d-e07d-4d13-a869-f3790e100477"
            src="banana-color.png"
          />
          <p
            class="item__title"
          >
            Banana
          </p>
        </div>
        <div
          class="item"
        >
          <img
            alt="Blackberry"
            class="item__image"
            id="bbb33b2d-e07d-4d13-a869-f3790e100477"
            src="blackberry-color.png"
          />
          <p
            class="item__title"
          >
            Blackberry
          </p>
        </div>
        <div
          class="item"
        >
          <img
            alt="Blueberries"
            class="item__image"
            id="bbb33b2d-e07d-4d13-a869-f3790e100477"
            src="blueberries-color.png"
          />
          <p
            class="item__title"
          >
            Blueberries
          </p>
        </div>
        <div
          class="item"
        >
          <img
            alt="Cherries"
            class="item__image"
            id="bbb33b2d-e07d-4d13-a869-f3790e100477"
            src="cherries-color.png"
          />
          <p
            class="item__title"
          >
            Cherries
          </p>
        </div>
        <div
          class="item"
        >
          <img
            alt="Coconut"
            class="item__image"
            id="bbb33b2d-e07d-4d13-a869-f3790e100477"
            src="coconut-color.png"
          />
          <p
            class="item__title"
          >
            Coconut
          </p>
        </div>
        <div
          class="item"
        >
          <img
            alt="Dragon Fruit"
            class="item__image"
            id="bbb33b2d-e07d-4d13-a869-f3790e100477"
            src="dragon-fruit-color.png"
          />
          <p
            class="item__title"
          >
            Dragon Fruit
          </p>
        </div>
        <div
          class="item"
        >
          <img
            alt="Fig"
            class="item__image"
            id="bbb33b2d-e07d-4d13-a869-f3790e100477"
            src="fig-color.png"
          />
          <p
            class="item__title"
          >
            Fig
          </p>
        </div>
        <div
          class="item"
        >
          <img
            alt="Grapes"
            class="item__image"
            id="bbb33b2d-e07d-4d13-a869-f3790e100477"
            src="grapes-color.png"
          />
          <p
            class="item__title"
          >
            Grapes
          </p>
        </div>
        <div
          class="item"
        >
          <img
            alt="Kiwi"
            class="item__image"
            id="bbb33b2d-e07d-4d13-a869-f3790e100477"
            src="kiwi-color.png"
          />
          <p
            class="item__title"
          >
            Kiwi
          </p>
        </div>
        <div
          class="item"
        >
          <img
            alt="Lemon"
            class="item__image"
            id="bbb33b2d-e07d-4d13-a869-f3790e100477"
            src="lemon-color.png"
          />
          <p
            class="item__title"
          >
            Lemon
          </p>
        </div>
        <div
          class="item"
        >
          <img
            alt="Lychee"
            class="item__image"
            id="bbb33b2d-e07d-4d13-a869-f3790e100477"
            src="lychee-color.png"
          />
          <p
            class="item__title"
          >
            Lychee
          </p>
        </div>
        <div
          class="item"
        >
          <img
            alt="Mango"
            class="item__image"
            id="bbb33b2d-e07d-4d13-a869-f3790e100477"
            src="mango-color.png"
          />
          <p
            class="item__title"
          >
            Mango
          </p>
        </div>
        <div
          class="item"
        >
          <img
            alt="Melon"
            class="item__image"
            id="bbb33b2d-e07d-4d13-a869-f3790e100477"
            src="melon-color.png"
          />
          <p
            class="item__title"
          >
            Melon
          </p>
        </div>
        <div
          class="item"
        >
          <img
            alt="Orange"
            class="item__image"
            id="bbb33b2d-e07d-4d13-a869-f3790e100477"
            src="orange-color.png"
          />
          <p
            class="item__title"
          >
            Orange
          </p>
        </div>
        <div
          class="item"
        >
          <img
            alt="Papaya"
            class="item__image"
            id="bbb33b2d-e07d-4d13-a869-f3790e100477"
            src="papaya-color.png"
          />
          <p
            class="item__title"
          >
            Papaya
          </p>
        </div>
        <div
          class="item"
        >
          <img
            alt="Peach"
            class="item__image"
            id="bbb33b2d-e07d-4d13-a869-f3790e100477"
            src="peach-color.png"
          />
          <p
            class="item__title"
          >
            Peach
          </p>
        </div>
        <div
          class="item"
        >
          <img
            alt="Pear"
            class="item__image"
            id="bbb33b2d-e07d-4d13-a869-f3790e100477"
            src="pear-color.png"
          />
          <p
            class="item__title"
          >
            Pear
          </p>
        </div>
        <div
          class="item"
        >
          <img
            alt="Pineapple"
            class="item__image"
            id="bbb33b2d-e07d-4d13-a869-f3790e100477"
            src="pineapple-color.png"
          />
          <p
            class="item__title"
          >
            Pineapple
          </p>
        </div>
        <div
          class="item"
        >
          <img
            alt="Plum"
            class="item__image"
            id="bbb33b2d-e07d-4d13-a869-f3790e100477"
            src="plum-color.png"
          />
          <p
            class="item__title"
          >
            Plum
          </p>
        </div>
        <div
          class="item"
        >
          <img
            alt="Pomegranate"
            class="item__image"
            id="bbb33b2d-e07d-4d13-a869-f3790e100477"
            src="pomegranate-color.png"
          />
          <p
            class="item__title"
          >
            Pomegranate
          </p>
        </div>
        <div
          class="item"
        >
          <img
            alt="Star Fruit"
            class="item__image"
            id="bbb33b2d-e07d-4d13-a869-f3790e100477"
            src="star-fruit-color.png"
          />
          <p
            class="item__title"
          >
            Star Fruit
          </p>
        </div>
        <div
          class="item"
        >
          <img
            alt="Strawberry"
            class="item__image"
            id="bbb33b2d-e07d-4d13-a869-f3790e100477"
            src="strawberry-color.png"
          />
          <p
            class="item__title"
          >
            Strawberry
          </p>
        </div>
        <div
          class="item"
        >
          <img
            alt="Watermelon"
            class="item__image"
            id="bbb33b2d-e07d-4d13-a869-f3790e100477"
            src="watermelon-color.png"
          />
          <p
            class="item__title"
          >
            Watermelon
          </p>
        </div>
      </div>
    </div>
  </div>,
  "debug": [Function],
  "findAllByAltText": [Function],
  "findAllByDisplayValue": [Function],
  "findAllByLabelText": [Function],
  "findAllByPlaceholderText": [Function],
  "findAllByRole": [Function],
  "findAllByTestId": [Function],
  "findAllByText": [Function],
  "findAllByTitle": [Function],
  "findByAltText": [Function],
  "findByDisplayValue": [Function],
  "findByLabelText": [Function],
  "findByPlaceholderText": [Function],
  "findByRole": [Function],
  "findByTestId": [Function],
  "findByText": [Function],
  "findByTitle": [Function],
  "getAllByAltText": [Function],
  "getAllByDisplayValue": [Function],
  "getAllByLabelText": [Function],
  "getAllByPlaceholderText": [Function],
  "getAllByRole": [Function],
  "getAllByTestId": [Function],
  "getAllByText": [Function],
  "getAllByTitle": [Function],
  "getByAltText": [Function],
  "getByDisplayValue": [Function],
  "getByLabelText": [Function],
  "getByPlaceholderText": [Function],
  "getByRole": [Function],
  "getByTestId": [Function],
  "getByText": [Function],
  "getByTitle": [Function],
  "queryAllByAltText": [Function],
  "queryAllByDisplayValue": [Function],
  "queryAllByLabelText": [Function],
  "queryAllByPlaceholderText": [Function],
  "queryAllByRole": [Function],
  "queryAllByTestId": [Function],
  "queryAllByText": [Function],
  "queryAllByTitle": [Function],
  "queryByAltText": [Function],
  "queryByDisplayValue": [Function],
  "queryByLabelText": [Function],
  "queryByPlaceholderText": [Function],
  "queryByRole": [Function],
  "queryByTestId": [Function],
  "queryByText": [Function],
  "queryByTitle": [Function],
  "rerender": [Function],
  "unmount": [Function],
}
`;
